// Jest Snapshot v1, https://goo.gl/fbAQLP

exports[`Pruebas en el componente <MarketList /> debe de mostrar el componente redirect si no hay argumentos en el URL 1`] = `
<div
  className="mt-3 container"
>
  <div
    className="row"
  >
    <div
      className="mb-3"
    >
      <div
        className="MuiPaper-root MuiPaper-elevation2 MuiPaper-rounded"
        style={
          Object {
            "position": "relative",
          }
        }
      >
        <div
          className="MuiToolbar-root MuiToolbar-regular MTableToolbar-root-5 MuiToolbar-gutters"
        >
          <div
            className="MTableToolbar-title-9"
          >
            <h6
              className="MuiTypography-root MuiTypography-h6"
              style={
                Object {
                  "overflow": "hidden",
                  "textOverflow": "ellipsis",
                  "whiteSpace": "nowrap",
                }
              }
            >
              Coins Table
            </h6>
          </div>
          <div
            className="MTableToolbar-spacer-7"
          />
          <div
            className="MuiFormControl-root MuiTextField-root MTableToolbar-searchField-10"
          >
            <div
              className="MuiInputBase-root MuiInput-root MuiInput-underline MuiInputBase-formControl MuiInput-formControl MuiInputBase-adornedStart MuiInputBase-adornedEnd"
              onClick={[Function]}
              style={Object {}}
            >
              <div
                className="MuiInputAdornment-root MuiInputAdornment-positionStart"
              >
                Array [
                  <span
                    aria-describedby={null}
                    aria-hidden={true}
                    className="material-icons MuiIcon-root MuiIcon-fontSizeSmall"
                    onBlur={[Function]}
                    onFocus={[Function]}
                    onMouseLeave={[Function]}
                    onMouseOver={[Function]}
                    onTouchEnd={[Function]}
                    onTouchStart={[Function]}
                    title="Search"
                  >
                    search
                  </span>,
                  "",
                ]
              </div>
              <input
                aria-invalid={false}
                aria-label="Search"
                autoFocus={false}
                className="MuiInputBase-input MuiInput-input MuiInputBase-inputAdornedStart MuiInputBase-inputAdornedEnd"
                disabled={false}
                onAnimationStart={[Function]}
                onBlur={[Function]}
                onChange={[Function]}
                onFocus={[Function]}
                placeholder="Search"
                required={false}
                type="text"
                value=""
              />
              <div
                className="MuiInputAdornment-root MuiInputAdornment-positionEnd"
              >
                <button
                  aria-label="Clear Search"
                  className="MuiButtonBase-root MuiIconButton-root Mui-disabled Mui-disabled"
                  disabled={true}
                  onBlur={[Function]}
                  onClick={[Function]}
                  onDragLeave={[Function]}
                  onFocus={[Function]}
                  onKeyDown={[Function]}
                  onKeyUp={[Function]}
                  onMouseDown={[Function]}
                  onMouseLeave={[Function]}
                  onMouseUp={[Function]}
                  onTouchEnd={[Function]}
                  onTouchMove={[Function]}
                  onTouchStart={[Function]}
                  tabIndex={-1}
                  type="button"
                >
                  <span
                    className="MuiIconButton-label"
                  >
                    <span
                      aria-hidden={true}
                      aria-label="clear"
                      className="material-icons MuiIcon-root MuiIcon-fontSizeSmall"
                    >
                      clear
                    </span>
                  </span>
                </button>
              </div>
            </div>
          </div>
          <div
            className="MTableToolbar-actions-8"
          >
            <div>
              <div>
                <span />
              </div>
            </div>
          </div>
        </div>
        <div
          className="Component-horizontalScrollContainer-12"
          style={
            Object {
              "overflowX": "auto",
              "position": "relative",
            }
          }
        >
          <div>
            <div
              style={
                Object {
                  "maxHeight": undefined,
                  "minHeight": undefined,
                  "overflowY": "auto",
                }
              }
            >
              <div>
                <table
                  className="MuiTable-root"
                  role={null}
                  style={
                    Object {
                      "tableLayout": "auto",
                    }
                  }
                >
                  <thead
                    className="MuiTableHead-root"
                    role={null}
                  >
                    <tr
                      className="MuiTableRow-root MuiTableRow-head"
                      role={null}
                    >
                      <th
                        aria-sort={null}
                        className="MuiTableCell-root MuiTableCell-head MTableHeader-header-13 MuiTableCell-alignLeft"
                        scope="col"
                        style={
                          Object {
                            "boxSizing": "border-box",
                            "maxWidth": undefined,
                            "minWidth": undefined,
                            "width": "calc((0px - (0px)) / 4)",
                          }
                        }
                      >
                        <span
                          aria-disabled={false}
                          className="MuiButtonBase-root MuiTableSortLabel-root"
                          onBlur={[Function]}
                          onClick={[Function]}
                          onDragLeave={[Function]}
                          onFocus={[Function]}
                          onKeyDown={[Function]}
                          onKeyUp={[Function]}
                          onMouseDown={[Function]}
                          onMouseLeave={[Function]}
                          onMouseUp={[Function]}
                          onTouchEnd={[Function]}
                          onTouchMove={[Function]}
                          onTouchStart={[Function]}
                          role="button"
                          tabIndex={0}
                        >
                          <div
                            aria-describedby="rbd-hidden-text-1-hidden-text-6"
                            data-rbd-drag-handle-context-id="1"
                            data-rbd-drag-handle-draggable-id="0"
                            data-rbd-draggable-context-id="1"
                            data-rbd-draggable-id="0"
                            draggable={false}
                            onDragStart={[Function]}
                            onTransitionEnd={null}
                            role="button"
                            style={
                              Object {
                                "transform": null,
                                "transition": null,
                              }
                            }
                            tabIndex={0}
                          >
                            Title
                          </div>
                          <span
                            aria-hidden={true}
                            className="material-icons MuiIcon-root MuiTableSortLabel-icon MuiTableSortLabel-iconDirectionAsc"
                          >
                            arrow_downward
                          </span>
                        </span>
                      </th>
                      <th
                        aria-sort={null}
                        className="MuiTableCell-root MuiTableCell-head MTableHeader-header-13 MuiTableCell-alignLeft"
                        scope="col"
                        style={
                          Object {
                            "boxSizing": "border-box",
                            "maxWidth": undefined,
                            "minWidth": undefined,
                            "width": "calc((0px - (0px)) / 4)",
                          }
                        }
                      >
                        <span
                          aria-disabled={false}
                          className="MuiButtonBase-root MuiTableSortLabel-root"
                          onBlur={[Function]}
                          onClick={[Function]}
                          onDragLeave={[Function]}
                          onFocus={[Function]}
                          onKeyDown={[Function]}
                          onKeyUp={[Function]}
                          onMouseDown={[Function]}
                          onMouseLeave={[Function]}
                          onMouseUp={[Function]}
                          onTouchEnd={[Function]}
                          onTouchMove={[Function]}
                          onTouchStart={[Function]}
                          role="button"
                          tabIndex={0}
                        >
                          <div
                            aria-describedby="rbd-hidden-text-1-hidden-text-6"
                            data-rbd-drag-handle-context-id="1"
                            data-rbd-drag-handle-draggable-id="1"
                            data-rbd-draggable-context-id="1"
                            data-rbd-draggable-id="1"
                            draggable={false}
                            onDragStart={[Function]}
                            onTransitionEnd={null}
                            role="button"
                            style={
                              Object {
                                "transform": null,
                                "transition": null,
                              }
                            }
                            tabIndex={0}
                          >
                            Price
                          </div>
                          <span
                            aria-hidden={true}
                            className="material-icons MuiIcon-root MuiTableSortLabel-icon MuiTableSortLabel-iconDirectionAsc"
                          >
                            arrow_downward
                          </span>
                        </span>
                      </th>
                      <th
                        aria-sort={null}
                        className="MuiTableCell-root MuiTableCell-head MTableHeader-header-13 MuiTableCell-alignLeft"
                        scope="col"
                        style={
                          Object {
                            "boxSizing": "border-box",
                            "maxWidth": undefined,
                            "minWidth": undefined,
                            "width": "calc((0px - (0px)) / 4)",
                          }
                        }
                      >
                        <span
                          aria-disabled={false}
                          className="MuiButtonBase-root MuiTableSortLabel-root"
                          onBlur={[Function]}
                          onClick={[Function]}
                          onDragLeave={[Function]}
                          onFocus={[Function]}
                          onKeyDown={[Function]}
                          onKeyUp={[Function]}
                          onMouseDown={[Function]}
                          onMouseLeave={[Function]}
                          onMouseUp={[Function]}
                          onTouchEnd={[Function]}
                          onTouchMove={[Function]}
                          onTouchStart={[Function]}
                          role="button"
                          tabIndex={0}
                        >
                          <div
                            aria-describedby="rbd-hidden-text-1-hidden-text-6"
                            data-rbd-drag-handle-context-id="1"
                            data-rbd-drag-handle-draggable-id="2"
                            data-rbd-draggable-context-id="1"
                            data-rbd-draggable-id="2"
                            draggable={false}
                            onDragStart={[Function]}
                            onTransitionEnd={null}
                            role="button"
                            style={
                              Object {
                                "transform": null,
                                "transition": null,
                              }
                            }
                            tabIndex={0}
                          >
                            Percent Change 24h %
                          </div>
                          <span
                            aria-hidden={true}
                            className="material-icons MuiIcon-root MuiTableSortLabel-icon MuiTableSortLabel-iconDirectionAsc"
                          >
                            arrow_downward
                          </span>
                        </span>
                      </th>
                      <th
                        aria-sort={null}
                        className="MuiTableCell-root MuiTableCell-head MTableHeader-header-13 MuiTableCell-alignLeft"
                        scope="col"
                        style={
                          Object {
                            "boxSizing": "border-box",
                            "maxWidth": undefined,
                            "minWidth": undefined,
                            "width": "calc((0px - (0px)) / 4)",
                          }
                        }
                      >
                        <span
                          aria-disabled={false}
                          className="MuiButtonBase-root MuiTableSortLabel-root"
                          onBlur={[Function]}
                          onClick={[Function]}
                          onDragLeave={[Function]}
                          onFocus={[Function]}
                          onKeyDown={[Function]}
                          onKeyUp={[Function]}
                          onMouseDown={[Function]}
                          onMouseLeave={[Function]}
                          onMouseUp={[Function]}
                          onTouchEnd={[Function]}
                          onTouchMove={[Function]}
                          onTouchStart={[Function]}
                          role="button"
                          tabIndex={0}
                        >
                          <div
                            aria-describedby="rbd-hidden-text-1-hidden-text-6"
                            data-rbd-drag-handle-context-id="1"
                            data-rbd-drag-handle-draggable-id="3"
                            data-rbd-draggable-context-id="1"
                            data-rbd-draggable-id="3"
                            draggable={false}
                            onDragStart={[Function]}
                            onTransitionEnd={null}
                            role="button"
                            style={
                              Object {
                                "transform": null,
                                "transition": null,
                              }
                            }
                            tabIndex={0}
                          >
                            24h Volume
                          </div>
                          <span
                            aria-hidden={true}
                            className="material-icons MuiIcon-root MuiTableSortLabel-icon MuiTableSortLabel-iconDirectionAsc"
                          >
                            arrow_downward
                          </span>
                        </span>
                      </th>
                      <th
                        aria-sort={null}
                        className="MuiTableCell-root MuiTableCell-head MTableHeader-header-13 MuiTableCell-paddingCheckbox"
                        scope="col"
                        style={
                          Object {
                            "boxSizing": "border-box",
                            "textAlign": "center",
                            "width": 48,
                          }
                        }
                      >
                        <span
                          aria-disabled={true}
                          className="MuiButtonBase-root MuiTableSortLabel-root Mui-disabled"
                          onBlur={[Function]}
                          onDragLeave={[Function]}
                          onFocus={[Function]}
                          onKeyDown={[Function]}
                          onKeyUp={[Function]}
                          onMouseDown={[Function]}
                          onMouseLeave={[Function]}
                          onMouseUp={[Function]}
                          onTouchEnd={[Function]}
                          onTouchMove={[Function]}
                          onTouchStart={[Function]}
                          role="button"
                          tabIndex={-1}
                        >
                          Actions
                        </span>
                      </th>
                    </tr>
                  </thead>
                  <tbody
                    className="MuiTableBody-root"
                    role={null}
                  >
                    <tr
                      className="MuiTableRow-root"
                      role={null}
                      style={
                        Object {
                          "height": 10,
                        }
                      }
                    >
                      <td
                        aria-sort={null}
                        className="MuiTableCell-root MuiTableCell-body"
                        style={Object {}}
                      />
                      <td
                        aria-sort={null}
                        className="MuiTableCell-root MuiTableCell-body"
                        style={Object {}}
                      >
                        <div
                          className="MuiFormControl-root MuiTextField-root"
                          style={Object {}}
                        >
                          <div
                            className="MuiInputBase-root MuiInput-root MuiInput-underline MuiInputBase-formControl MuiInput-formControl MuiInputBase-adornedStart"
                            onClick={[Function]}
                          >
                            <div
                              className="MuiInputAdornment-root MuiInputAdornment-positionStart"
                            >
                              Array [
                                <span
                                  aria-describedby={null}
                                  aria-hidden={true}
                                  className="material-icons MuiIcon-root"
                                  onBlur={[Function]}
                                  onFocus={[Function]}
                                  onMouseLeave={[Function]}
                                  onMouseOver={[Function]}
                                  onTouchEnd={[Function]}
                                  onTouchStart={[Function]}
                                  title="Filter"
                                >
                                  filter_list
                                </span>,
                                "",
                              ]
                            </div>
                            <input
                              aria-invalid={false}
                              aria-label="filter data by Price"
                              autoFocus={false}
                              className="MuiInputBase-input MuiInput-input MuiInputBase-inputAdornedStart MuiInputBase-inputTypeSearch MuiInput-inputTypeSearch"
                              disabled={false}
                              onAnimationStart={[Function]}
                              onBlur={[Function]}
                              onChange={[Function]}
                              onFocus={[Function]}
                              placeholder=""
                              required={false}
                              type="search"
                              value=""
                            />
                          </div>
                        </div>
                      </td>
                      <td
                        aria-sort={null}
                        className="MuiTableCell-root MuiTableCell-body"
                        style={Object {}}
                      >
                        <div
                          className="MuiFormControl-root MuiTextField-root"
                          style={Object {}}
                        >
                          <div
                            className="MuiInputBase-root MuiInput-root MuiInput-underline MuiInputBase-formControl MuiInput-formControl MuiInputBase-adornedStart"
                            onClick={[Function]}
                          >
                            <div
                              className="MuiInputAdornment-root MuiInputAdornment-positionStart"
                            >
                              Array [
                                <span
                                  aria-describedby={null}
                                  aria-hidden={true}
                                  className="material-icons MuiIcon-root"
                                  onBlur={[Function]}
                                  onFocus={[Function]}
                                  onMouseLeave={[Function]}
                                  onMouseOver={[Function]}
                                  onTouchEnd={[Function]}
                                  onTouchStart={[Function]}
                                  title="Filter"
                                >
                                  filter_list
                                </span>,
                                "",
                              ]
                            </div>
                            <input
                              aria-invalid={false}
                              aria-label="filter data by Percent Change 24h %"
                              autoFocus={false}
                              className="MuiInputBase-input MuiInput-input MuiInputBase-inputAdornedStart MuiInputBase-inputTypeSearch MuiInput-inputTypeSearch"
                              disabled={false}
                              onAnimationStart={[Function]}
                              onBlur={[Function]}
                              onChange={[Function]}
                              onFocus={[Function]}
                              placeholder=""
                              required={false}
                              type="search"
                              value=""
                            />
                          </div>
                        </div>
                      </td>
                      <td
                        aria-sort={null}
                        className="MuiTableCell-root MuiTableCell-body"
                        style={Object {}}
                      >
                        <div
                          className="MuiFormControl-root MuiTextField-root"
                          style={Object {}}
                        >
                          <div
                            className="MuiInputBase-root MuiInput-root MuiInput-underline MuiInputBase-formControl MuiInput-formControl MuiInputBase-adornedStart"
                            onClick={[Function]}
                          >
                            <div
                              className="MuiInputAdornment-root MuiInputAdornment-positionStart"
                            >
                              Array [
                                <span
                                  aria-describedby={null}
                                  aria-hidden={true}
                                  className="material-icons MuiIcon-root"
                                  onBlur={[Function]}
                                  onFocus={[Function]}
                                  onMouseLeave={[Function]}
                                  onMouseOver={[Function]}
                                  onTouchEnd={[Function]}
                                  onTouchStart={[Function]}
                                  title="Filter"
                                >
                                  filter_list
                                </span>,
                                "",
                              ]
                            </div>
                            <input
                              aria-invalid={false}
                              aria-label="filter data by 24h Volume"
                              autoFocus={false}
                              className="MuiInputBase-input MuiInput-input MuiInputBase-inputAdornedStart MuiInputBase-inputTypeSearch MuiInput-inputTypeSearch"
                              disabled={false}
                              onAnimationStart={[Function]}
                              onBlur={[Function]}
                              onChange={[Function]}
                              onFocus={[Function]}
                              placeholder=""
                              required={false}
                              type="search"
                              value=""
                            />
                          </div>
                        </div>
                      </td>
                      <td
                        aria-sort={null}
                        className="MuiTableCell-root MuiTableCell-body"
                      />
                    </tr>
                    <tr
                      className="MuiTableRow-root"
                      role={null}
                      style={
                        Object {
                          "height": 245,
                        }
                      }
                    >
                      <td
                        aria-sort={null}
                        className="MuiTableCell-root MuiTableCell-body"
                        colSpan={5}
                        style={
                          Object {
                            "paddingBottom": 0,
                            "paddingTop": 0,
                            "textAlign": "center",
                          }
                        }
                      >
                        No records to display
                      </td>
                    </tr>
                  </tbody>
                </table>
              </div>
            </div>
          </div>
        </div>
        <table
          className="MuiTable-root"
          role={null}
        >
          <tfoot
            className="MuiTableFooter-root"
            role={null}
            style={
              Object {
                "display": "grid",
              }
            }
          >
            <tr
              className="MuiTableRow-root MuiTableRow-footer"
              role={null}
            >
              <td
                aria-sort={null}
                className="MuiTableCell-root MuiTableCell-footer MuiTablePagination-root Component-paginationRoot-1"
                colSpan={3}
                icons={
                  Object {
                    "Add": Object {
                      "$$typeof": Symbol(react.forward_ref),
                      "render": [Function],
                    },
                    "Check": Object {
                      "$$typeof": Symbol(react.forward_ref),
                      "render": [Function],
                    },
                    "Clear": Object {
                      "$$typeof": Symbol(react.forward_ref),
                      "render": [Function],
                    },
                    "Delete": Object {
                      "$$typeof": Symbol(react.forward_ref),
                      "render": [Function],
                    },
                    "DetailPanel": Object {
                      "$$typeof": Symbol(react.forward_ref),
                      "render": [Function],
                    },
                    "Edit": Object {
                      "$$typeof": Symbol(react.forward_ref),
                      "render": [Function],
                    },
                    "Export": Object {
                      "$$typeof": Symbol(react.forward_ref),
                      "render": [Function],
                    },
                    "Filter": Object {
                      "$$typeof": Symbol(react.forward_ref),
                      "render": [Function],
                    },
                    "FirstPage": Object {
                      "$$typeof": Symbol(react.forward_ref),
                      "render": [Function],
                    },
                    "LastPage": Object {
                      "$$typeof": Symbol(react.forward_ref),
                      "render": [Function],
                    },
                    "NextPage": Object {
                      "$$typeof": Symbol(react.forward_ref),
                      "render": [Function],
                    },
                    "PreviousPage": Object {
                      "$$typeof": Symbol(react.forward_ref),
                      "render": [Function],
                    },
                    "ResetSearch": Object {
                      "$$typeof": Symbol(react.forward_ref),
                      "render": [Function],
                    },
                    "Resize": Object {
                      "$$typeof": Symbol(react.forward_ref),
                      "render": [Function],
                    },
                    "Retry": Object {
                      "$$typeof": Symbol(react.forward_ref),
                      "render": [Function],
                    },
                    "Search": Object {
                      "$$typeof": Symbol(react.forward_ref),
                      "render": [Function],
                    },
                    "SortArrow": Object {
                      "$$typeof": Symbol(react.forward_ref),
                      "render": [Function],
                    },
                    "ThirdStateCheck": Object {
                      "$$typeof": Symbol(react.forward_ref),
                      "render": [Function],
                    },
                    "ViewColumn": Object {
                      "$$typeof": Symbol(react.forward_ref),
                      "render": [Function],
                    },
                  }
                }
                style={
                  Object {
                    "float": "right",
                    "overflowX": "auto",
                  }
                }
              >
                <div
                  className="MuiToolbar-root MuiToolbar-regular MuiTablePagination-toolbar Component-paginationToolbar-2 MuiToolbar-gutters"
                >
                  <div
                    className="MuiTablePagination-spacer"
                  />
                  <p
                    className="MuiTypography-root MuiTablePagination-caption Component-paginationCaption-3 MuiTypography-body2 MuiTypography-colorInherit"
                    id="mui-11064"
                  >
                    Rows per page:
                  </p>
                  <div
                    className="MuiInputBase-root MuiTablePagination-input MuiTablePagination-selectRoot Component-paginationSelectRoot-4"
                    onClick={[Function]}
                  >
                    Array [
                      <div
                        aria-haspopup="listbox"
                        aria-labelledby="mui-11064 mui-21562"
                        className="MuiSelect-root MuiSelect-select MuiTablePagination-select MuiSelect-selectMenu MuiInputBase-input"
                        id="mui-21562"
                        onBlur={[Function]}
                        onFocus={[Function]}
                        onKeyDown={[Function]}
                        onMouseDown={[Function]}
                        role="button"
                        tabIndex={0}
                      >
                        <div
                          style={
                            Object {
                              "padding": "0px 5px",
                            }
                          }
                        >
                          5 rows 
                        </div>
                      </div>,
                      <input
                        aria-hidden={true}
                        className="MuiSelect-nativeInput"
                        onAnimationStart={[Function]}
                        onChange={[Function]}
                        tabIndex={-1}
                        value={5}
                      />,
                      <svg
                        aria-hidden={true}
                        className="MuiSvgIcon-root MuiSelect-icon MuiTablePagination-selectIcon"
                        focusable="false"
                        viewBox="0 0 24 24"
                      >
                        <path
                          d="M7 10l5 5 5-5z"
                        />
                      </svg>,
                      "",
                    ]
                  </div>
                  <p
                    className="MuiTypography-root MuiTablePagination-caption Component-paginationCaption-3 MuiTypography-body2 MuiTypography-colorInherit"
                  >
                    0-0 of 0
                  </p>
                  <div
                    className="MTablePaginationInner-root-14"
                  >
                    Array [
                      <span
                        aria-describedby={null}
                        className=""
                        onBlur={[Function]}
                        onFocus={[Function]}
                        onMouseLeave={[Function]}
                        onMouseOver={[Function]}
                        onTouchEnd={[Function]}
                        onTouchStart={[Function]}
                        title="First Page"
                      >
                        <button
                          className="MuiButtonBase-root MuiIconButton-root Mui-disabled Mui-disabled"
                          disabled={true}
                          onBlur={[Function]}
                          onClick={[Function]}
                          onDragLeave={[Function]}
                          onFocus={[Function]}
                          onKeyDown={[Function]}
                          onKeyUp={[Function]}
                          onMouseDown={[Function]}
                          onMouseLeave={[Function]}
                          onMouseUp={[Function]}
                          onTouchEnd={[Function]}
                          onTouchMove={[Function]}
                          onTouchStart={[Function]}
                          tabIndex={-1}
                          type="button"
                        >
                          <span
                            className="MuiIconButton-label"
                          >
                            <span
                              aria-hidden={true}
                              className="material-icons MuiIcon-root"
                            >
                              first_page
                            </span>
                          </span>
                        </button>
                      </span>,
                      "",
                    ]
                    Array [
                      <span
                        aria-describedby={null}
                        className=""
                        onBlur={[Function]}
                        onFocus={[Function]}
                        onMouseLeave={[Function]}
                        onMouseOver={[Function]}
                        onTouchEnd={[Function]}
                        onTouchStart={[Function]}
                        title="Previous Page"
                      >
                        <button
                          className="MuiButtonBase-root MuiIconButton-root Mui-disabled Mui-disabled"
                          disabled={true}
                          onBlur={[Function]}
                          onClick={[Function]}
                          onDragLeave={[Function]}
                          onFocus={[Function]}
                          onKeyDown={[Function]}
                          onKeyUp={[Function]}
                          onMouseDown={[Function]}
                          onMouseLeave={[Function]}
                          onMouseUp={[Function]}
                          onTouchEnd={[Function]}
                          onTouchMove={[Function]}
                          onTouchStart={[Function]}
                          tabIndex={-1}
                          type="button"
                        >
                          <span
                            className="MuiIconButton-label"
                          >
                            <span
                              aria-hidden={true}
                              className="material-icons MuiIcon-root"
                            >
                              chevron_left
                            </span>
                          </span>
                        </button>
                      </span>,
                      "",
                    ]
                    <span
                      className="MuiTypography-root MuiTypography-caption"
                      style={
                        Object {
                          "alignSelf": "center",
                          "flex": 1,
                          "flexBasis": "inherit",
                          "textAlign": "center",
                        }
                      }
                    >
                      0-0 of 0
                    </span>
                    Array [
                      <span
                        aria-describedby={null}
                        className=""
                        onBlur={[Function]}
                        onFocus={[Function]}
                        onMouseLeave={[Function]}
                        onMouseOver={[Function]}
                        onTouchEnd={[Function]}
                        onTouchStart={[Function]}
                        title="Next Page"
                      >
                        <button
                          className="MuiButtonBase-root MuiIconButton-root Mui-disabled Mui-disabled"
                          disabled={true}
                          onBlur={[Function]}
                          onClick={[Function]}
                          onDragLeave={[Function]}
                          onFocus={[Function]}
                          onKeyDown={[Function]}
                          onKeyUp={[Function]}
                          onMouseDown={[Function]}
                          onMouseLeave={[Function]}
                          onMouseUp={[Function]}
                          onTouchEnd={[Function]}
                          onTouchMove={[Function]}
                          onTouchStart={[Function]}
                          tabIndex={-1}
                          type="button"
                        >
                          <span
                            className="MuiIconButton-label"
                          >
                            <span
                              aria-hidden={true}
                              className="material-icons MuiIcon-root"
                            >
                              chevron_right
                            </span>
                          </span>
                        </button>
                      </span>,
                      "",
                    ]
                    Array [
                      <span
                        aria-describedby={null}
                        className=""
                        onBlur={[Function]}
                        onFocus={[Function]}
                        onMouseLeave={[Function]}
                        onMouseOver={[Function]}
                        onTouchEnd={[Function]}
                        onTouchStart={[Function]}
                        title="Last Page"
                      >
                        <button
                          className="MuiButtonBase-root MuiIconButton-root Mui-disabled Mui-disabled"
                          disabled={true}
                          onBlur={[Function]}
                          onClick={[Function]}
                          onDragLeave={[Function]}
                          onFocus={[Function]}
                          onKeyDown={[Function]}
                          onKeyUp={[Function]}
                          onMouseDown={[Function]}
                          onMouseLeave={[Function]}
                          onMouseUp={[Function]}
                          onTouchEnd={[Function]}
                          onTouchMove={[Function]}
                          onTouchStart={[Function]}
                          tabIndex={-1}
                          type="button"
                        >
                          <span
                            className="MuiIconButton-label"
                          >
                            <span
                              aria-hidden={true}
                              className="material-icons MuiIcon-root"
                            >
                              last_page
                            </span>
                          </span>
                        </button>
                      </span>,
                      "",
                    ]
                  </div>
                </div>
              </td>
            </tr>
          </tfoot>
        </table>
      </div>
    </div>
  </div>
</div>
`;
